AR fast_counter behavioral //mac/home/Documents/FPGA/two_entities/fast_counter.vhd sub00/vhpl23 1493485237
AR minute behavioral //mac/home/Documents/FPGA/two_entities/minute.vhd sub00/vhpl09 1482436952
AR hour behavioral //mac/home/Documents/FPGA/two_entities/hour.vhd sub00/vhpl21 1493485241
EN seven_seg_displ NULL //mac/home/Documents/FPGA/two_entities/seven_seg_displ.vhd sub00/vhpl12 1493485244
EN or_entity NULL C:/Users/margusr/AppData/two_entities/or.vhd sub00/vhpl02 1474040822
EN and_or NULL //mac/home/Documents/FPGA/two_entities/and_or.vhd sub00/vhpl04 1493485246
EN hour NULL //mac/home/Documents/FPGA/two_entities/hour.vhd sub00/vhpl20 1493485240
AR counter behavioral //mac/home/Documents/FPGA/two_entities/counter.vhd sub00/vhpl07 1493485235
EN seconds NULL //mac/home/Documents/FPGA/two_entities/seconds.vhd sub00/vhpl16 1482250159
EN counter NULL //mac/home/Documents/FPGA/two_entities/counter.vhd sub00/vhpl06 1493485234
AR seconds behavioral //mac/home/Documents/FPGA/two_entities/seconds.vhd sub00/vhpl17 1482250160
AR or_entity behavioral C:/Users/margusr/AppData/two_entities/or.vhd sub00/vhpl03 1474040823
EN and_entity NULL C:/Users/margusr/AppData/two_entities/and.vhd sub00/vhpl00 1469642342
AR and_entity behavioral C:/Users/margusr/AppData/two_entities/and.vhd sub00/vhpl01 1469642343
AR second behavioral //mac/home/Documents/FPGA/two_entities/seconds.vhd sub00/vhpl19 1493485239
AR clk_minute behavioral C:/Users/margusr/AppData/two_entities/minute.vhd sub00/vhpl11 1474040827
EN bin2bcd_12bit NULL //mac/home/Documents/FPGA/two_entities/doubbledabble.vhd sub00/vhpl14 1493485242
EN fast_counter NULL //mac/home/Documents/FPGA/two_entities/fast_counter.vhd sub00/vhpl22 1493485236
EN minute NULL //mac/home/Documents/FPGA/two_entities/minute.vhd sub00/vhpl08 1482436951
EN clk_minute NULL C:/Users/margusr/AppData/two_entities/minute.vhd sub00/vhpl10 1474040826
AR and_or behavioral //mac/home/Documents/FPGA/two_entities/and_or.vhd sub00/vhpl05 1493485247
AR seven_seg_displ behavioral //mac/home/Documents/FPGA/two_entities/seven_seg_displ.vhd sub00/vhpl13 1493485245
AR bin2bcd_12bit behavioral //mac/home/Documents/FPGA/two_entities/doubbledabble.vhd sub00/vhpl15 1493485243
EN second NULL //mac/home/Documents/FPGA/two_entities/seconds.vhd sub00/vhpl18 1493485238
